cargo :    Compiling enchantmen-creator v0.8.100 (D:\8bit 
editer\Eldiron-master\Eldiron-master\creator)
At line:1 char:1
+ cargo build --release 2> build_errors.txt
+ ~~~~~~~~~~~~~~~~~~~~~~~~~~~~~~~~~~~~~~~~~
    + CategoryInfo          : NotSpecified: (   Compiling en...master\creator) 
   :String) [], RemoteException
    + FullyQualifiedErrorId : NativeCommandError
 
error[E0433]: failed to resolve: use of undeclared type `TheDropdown`
   --> creator\src\editor.rs:305:42
    |
305 |                 let mut theme_dropdown = 
TheDropdown::new(TheId::named("ThemeDropdown"));
    |                                          ^^^^^^^^^^^ use of undeclared 
type `TheDropdown`

error[E0433]: failed to resolve: use of undeclared type `TheCheckbox`
   --> creator\src\editor.rs:312:45
    |
312 |                 let mut autosave_checkbox = 
TheCheckbox::new(TheId::named("AutosaveCheckbox"));
    |                                             ^^^^^^^^^^^ use of 
undeclared type `TheCheckbox`

For more information about this error, try `rustc --explain E0433`.
error: could not compile `enchantmen-creator` (lib) due to 2 previous errors
